==========================================
[Thu Aug  6 15:09:42 CST 2026] mailbox runner started
[INFO] dir=/data1/home/sunyiq/hpc_mailbox branch=hpc-mailbox interval=20s
[INFO] host=login4 pid=10550
==========================================
[Thu Aug  6 15:09:55 CST 2026] --- running seq=3 ---
[Thu Aug  6 15:10:52 CST 2026] --- done seq=3 rc=0 ---
[Thu Aug  6 15:14:14 CST 2026] --- running seq=4 ---
warning: CRLF will be replaced by LF in outbox/result_4.txt.
The file will have its original line endings in your working directory.
[Thu Aug  6 15:14:29 CST 2026] --- done seq=4 rc=0 ---
[Thu Aug  6 15:23:30 CST 2026] --- running seq=5 ---
[Thu Aug  6 15:24:26 CST 2026] --- done seq=5 rc=0 ---
[Thu Aug  6 15:25:34 CST 2026] --- running seq=6 ---
[Thu Aug  6 15:36:04 CST 2026] --- done seq=6 rc=0 ---
[Thu Aug  6 15:42:49 CST 2026] --- running seq=7 ---
[Thu Aug  6 15:43:24 CST 2026] --- done seq=7 rc=0 ---
[Thu Aug  6 15:45:05 CST 2026] --- running seq=8 ---
[Thu Aug  6 15:47:11 CST 2026] --- done seq=8 rc=0 ---
[Thu Aug  6 15:54:29 CST 2026] --- running seq=9 ---
[Thu Aug  6 15:54:45 CST 2026] --- done seq=9 rc=0 ---
[Thu Aug  6 16:05:25 CST 2026] --- running seq=10 ---
[Thu Aug  6 16:06:15 CST 2026] --- done seq=10 rc=0 ---
[Thu Aug  6 16:07:59 CST 2026] --- running seq=11 ---
[Thu Aug  6 16:08:15 CST 2026] --- done seq=11 rc=0 ---
[Thu Aug  6 16:13:22 CST 2026] --- running seq=12 ---
[Thu Aug  6 16:13:38 CST 2026] --- done seq=12 rc=0 ---
[Thu Aug  6 16:15:59 CST 2026] --- running seq=13 ---
[Thu Aug  6 16:17:24 CST 2026] --- done seq=13 rc=0 ---
[Thu Aug  6 16:33:27 CST 2026] --- running seq=14 ---
warning: CRLF will be replaced by LF in outbox/result_14.txt.
The file will have its original line endings in your working directory.
[Thu Aug  6 16:36:53 CST 2026] --- done seq=14 rc=0 ---
[Thu Aug  6 16:38:37 CST 2026] --- running seq=15 ---
[WARN] push rejected, rebasing and retrying
[ERROR] push failed twice, will retry next round
[Thu Aug  6 16:46:00 CST 2026] --- done seq=15 rc=0 ---
